CHETHAN@Dell MINGW64 ~
$ ls
'3D Objects'/
 AirPassengers.csv
 AppData/
'Application Data'@
 C39P4thinF_original_IMG_20150622_105554_cell_9.png
 Contacts/
 Cookies@
 Desktop/
 Desktop.ipynb
 Documents/
 Downloads/
 Favorites/
'Hierarchial clustering.ipynb'
 IntelGraphicsProfiles/
 Iris.csv
'Kmeans Clustering.ipynb'
 Links/
'Local Settings'@
'Logistic Regression.ipynb'
 Music/
'My Documents'@
 NTUSER.DAT
 NTUSER.DAT{3c178e08-b321-11ef-a39d-d2c5f48ee598}.TxR.0.regtrans-ms
 NTUSER.DAT{3c178e08-b321-11ef-a39d-d2c5f48ee598}.TxR.1.regtrans-ms
 NTUSER.DAT{3c178e08-b321-11ef-a39d-d2c5f48ee598}.TxR.2.regtrans-ms
 NTUSER.DAT{3c178e08-b321-11ef-a39d-d2c5f48ee598}.TxR.blf
 NTUSER.DAT{3c178e09-b321-11ef-a39d-d2c5f48ee598}.TM.blf
 NTUSER.DAT{3c178e09-b321-11ef-a39d-d2c5f48ee598}.TMContainer00000000000000000001.regtrans-ms
 NTUSER.DAT{3c178e09-b321-11ef-a39d-d2c5f48ee598}.TMContainer00000000000000000002.regtrans-ms
 NetHood@
 OneDrive/
 Oracle/
 Pictures/
 PrintHood@
 Pullaganti-Bhavitha-CreateTable/
 Pullaganti-Bhavitha-Insert/
 Pullaganti-Bhavitha-PY-CL-ForLoop/
 Pullaganti-Bhavitha-PY-CL-HelloWorld/
 Pullaganti-Bhavitha-PY-CL-IfStatement/
 Pullaganti-Bhavitha-PY-CL-Var_DataTypes/
 Pullaganti-Bhavitha-Start/
 PycharmProjects/
 Recent@
'Saved Games'/
 Searches/
 SendTo@
'Start Menu'@
 Templates@
 USA_Housing.csv
 Untitled.ipynb
 Untitled1.ipynb
 Untitled2.ipynb
 Untitled3.ipynb
 Untitled4.ipynb
 Untitled5.ipynb
 Videos/
 anaconda3/
 arma.ipynb
 eclipse/
 eclipse-workspace/
'exp-1-handle miss values .ipynb'
'exp-10-moving average.ipynb'
 exp-11-ar,arma.ipynb
 exp-12-healthcare.ipynb
 exp-2-simplelinearegression.ipynb
 exp-4-PCA.ipynb
 exp-6-hiearchicalclustering.ipynb
 exp-7-matplot.ipynb
 exp-8-seaborn.ipynb
 exp-9-plotly.ipynb
 housing.csv
 html.html
 index.html
 intro.py
 new.txt/
 node_modules/
 ntuser.dat.LOG1
 ntuser.dat.LOG2
 ntuser.ini
 package-lock.json
 package.json
'plotly plots.ipynb'
 protein.csv
'simple Linear Regression 2.ipynb'
'simple linear regression.ipynb'
 test/
 test.html
 untitled.txt
 web.html

CHETHAN@Dell MINGW64 ~
$ cd downloads

CHETHAN@Dell MINGW64 ~/downloads
$ pwd
/c/Users/CHETHAN/downloads

CHETHAN@Dell MINGW64 ~/downloads
$ cp Revture.txt Revaturefile.txt
cp: cannot stat 'Revture.txt': No such file or directory

CHETHAN@Dell MINGW64 ~/downloads
$ cp Revature.txt Revturefile.txt

CHETHAN@Dell MINGW64 ~/downloads
$ mv Revturefile.txt file.txt

CHETHAN@Dell MINGW64 ~/downloads
$ mkdir Revature

CHETHAN@Dell MINGW64 ~/downloads
$ uname
MINGW64_NT-10.0-26100

CHETHAN@Dell MINGW64 ~/downloads
$ touch name.txt

CHETHAN@Dell MINGW64 ~/downloads
$ cat Revature.txt
Welcome Dear,
Revature Readiness Program
CHETHAN@Dell MINGW64 ~/downloads
$ echo "Print Something"
Print Something

CHETHAN@Dell MINGW64 ~/downloads
$ whoami
CHETHAN

CHETHAN@Dell MINGW64 ~/downloads
$ cat Revature.txt
Welcome Dear,
Revature Readiness Program
CHETHAN@Dell MINGW64 ~/downloads
$ sort Revature.txt
Revature Readiness Program
Welcome Dear,

CHETHAN@Dell MINGW64 ~/downloads
$ cal May 2025
bash: cal: command not found

CHETHAN@Dell MINGW64 ~/downloads
$ df
Filesystem           1K-blocks      Used Available Use% Mounted on
C:/Program Files/Git 231309308 183864808  47444500  80% /
D:                   412796924   5712380 407084544   2% /d
F:                   563831804    118908 563712896   1% /f

CHETHAN@Dell MINGW64 ~/downloads
$ df -h
Filesystem            Size  Used Avail Use% Mounted on
C:/Program Files/Git  221G  176G   46G  80% /
D:                    394G  5.5G  389G   2% /d
F:                    538G  117M  538G   1% /f

CHETHAN@Dell MINGW64 ~/downloads
$ wc -w Revature.txt
5 Revature.txt

CHETHAN@Dell MINGW64 ~/downloads
$ wc -l Revature.txt
1 Revature.txt

CHETHAN@Dell MINGW64 ~/downloads
$ wc -m Revature.txt
41 Revature.txt


